[48;2;0;0;0m╭────────────────────────╮[m
[48;2;0;0;0m│                        │[m
[48;2;0;0;0m│  ab-smg0 › Priority    │[m
[48;2;0;0;0m│  ────────────────────  │[m
[48;2;0;0;0m│    ○ P0  Critical      │[m
[48;2;0;0;0m│    ○ P1  High          │[m
[48;2;0;0;0m│    ● P2  Medium  ←     │[m
[48;2;0;0;0m│    ○ P3  Low           │[m
[48;2;0;0;0m│    ○ P4  Backlog       │[m
[48;2;0;0;0m│                        │[m
[48;2;0;0;0m╰────────────────────────╯[m