[48;2;0;0;0m╭────────────────────────╮[m
[48;2;0;0;0m│                        │[m
[48;2;0;0;0m│  ab-smg0 › Status      │[m
[48;2;0;0;0m│  ────────────────────  │[m
[48;2;0;0;0m│    ● Open  ←           │[m
[48;2;0;0;0m│    ○ In Progress       │[m
[48;2;0;0;0m│    ○ Closed            │[m
[48;2;0;0;0m│                        │[m
[48;2;0;0;0m╰────────────────────────╯[m